------------------------------------------------------------
TimeQuest Timing Analyzer Summary
------------------------------------------------------------

Type  : Slow 1200mV 85C Model Setup 'LCD_Display:inst2|CLK_400HZ'
Slack : -3.604
TNS   : -47.372

Type  : Slow 1200mV 85C Model Setup 'clk_48MHz'
Slack : -2.922
TNS   : -53.046

Type  : Slow 1200mV 85C Model Hold 'clk_48MHz'
Slack : -0.247
TNS   : -0.247

Type  : Slow 1200mV 85C Model Hold 'LCD_Display:inst2|CLK_400HZ'
Slack : 0.403
TNS   : 0.000

Type  : Slow 1200mV 85C Model Minimum Pulse Width 'clk_48MHz'
Slack : -3.000
TNS   : -29.985

Type  : Slow 1200mV 85C Model Minimum Pulse Width 'LCD_Display:inst2|CLK_400HZ'
Slack : -1.285
TNS   : -50.115

Type  : Slow 1200mV 0C Model Setup 'LCD_Display:inst2|CLK_400HZ'
Slack : -3.222
TNS   : -39.915

Type  : Slow 1200mV 0C Model Setup 'clk_48MHz'
Slack : -2.595
TNS   : -47.017

Type  : Slow 1200mV 0C Model Hold 'clk_48MHz'
Slack : -0.166
TNS   : -0.166

Type  : Slow 1200mV 0C Model Hold 'LCD_Display:inst2|CLK_400HZ'
Slack : 0.354
TNS   : 0.000

Type  : Slow 1200mV 0C Model Minimum Pulse Width 'clk_48MHz'
Slack : -3.000
TNS   : -29.985

Type  : Slow 1200mV 0C Model Minimum Pulse Width 'LCD_Display:inst2|CLK_400HZ'
Slack : -1.285
TNS   : -50.115

Type  : Fast 1200mV 0C Model Setup 'LCD_Display:inst2|CLK_400HZ'
Slack : -1.197
TNS   : -9.997

Type  : Fast 1200mV 0C Model Setup 'clk_48MHz'
Slack : -0.863
TNS   : -14.105

Type  : Fast 1200mV 0C Model Hold 'clk_48MHz'
Slack : -0.339
TNS   : -0.339

Type  : Fast 1200mV 0C Model Hold 'LCD_Display:inst2|CLK_400HZ'
Slack : 0.181
TNS   : 0.000

Type  : Fast 1200mV 0C Model Minimum Pulse Width 'clk_48MHz'
Slack : -3.000
TNS   : -25.437

Type  : Fast 1200mV 0C Model Minimum Pulse Width 'LCD_Display:inst2|CLK_400HZ'
Slack : -1.000
TNS   : -39.000

------------------------------------------------------------
